<html>
<body>
<pre>
<h1>µVision Build Log</h1>
<h2>Project:</h2>
E:\v25ce7r2\kabilan\ARM\Major Project demo\ECU2 testing\ECU2 receive\ECU_receive.uvproj
Project File Date:  08/20/2026

<h2>Output:</h2>
Build target 'Target 1'
assembling Startup.s...
compiling ECU_receivemain.c...
linking...
Program Size: Code=4176 RO-data=72 RW-data=12 ZI-data=1260  
FromELF: creating hex file...
"ECU_receive.axf" - 0 Error(s), 0 Warning(s).
Build target 'Target 1'
assembling Startup.s...
compiling ECU_receivemain.c...
linking...
Program Size: Code=4228 RO-data=72 RW-data=12 ZI-data=1260  
FromELF: creating hex file...
"ECU_receive.axf" - 0 Error(s), 0 Warning(s).
Build target 'Target 1'
assembling Startup.s...
compiling ECU_receivemain.c...
ECU_receivemain.c(59): error:  #65: expected a ";"
ECU_receivemain.c:      lcd_command(0x01);
ECU_receivemain.c:      ^
ECU_receivemain.c: ECU_receivemain.c: 0 warnings, 1 error
Target not created
Build target 'Target 1'
assembling Startup.s...
compiling ECU_receivemain.c...
linking...
Program Size: Code=4236 RO-data=72 RW-data=12 ZI-data=1260  
FromELF: creating hex file...
"ECU_receive.axf" - 0 Error(s), 0 Warning(s).
Build target 'Target 1'
assembling Startup.s...
compiling ECU_receivemain.c...
linking...
Program Size: Code=4252 RO-data=72 RW-data=12 ZI-data=1260  
FromELF: creating hex file...
"ECU_receive.axf" - 0 Error(s), 0 Warning(s).
Build target 'Target 1'
assembling Startup.s...
compiling ECU_receivemain.c...
linking...
Program Size: Code=4252 RO-data=72 RW-data=12 ZI-data=1260  
FromELF: creating hex file...
"ECU_receive.axf" - 0 Error(s), 0 Warning(s).
Build target 'Target 1'
assembling Startup.s...
compiling ECU_receivemain.c...
linking...
Program Size: Code=4252 RO-data=72 RW-data=12 ZI-data=1260  
FromELF: creating hex file...
"ECU_receive.axf" - 0 Error(s), 0 Warning(s).
Build target 'Target 1'
assembling Startup.s...
compiling ECU_receivemain.c...
linking...
Program Size: Code=4236 RO-data=72 RW-data=12 ZI-data=1260  
FromELF: creating hex file...
"ECU_receive.axf" - 0 Error(s), 0 Warning(s).
Build target 'Target 1'
assembling Startup.s...
compiling ECU_receivemain.c...
ECU_receivemain.c(109): warning:  #1-D: last line of file ends without a newline
ECU_receivemain.c:   }
ECU_receivemain.c:    ^
ECU_receivemain.c: ECU_receivemain.c: 1 warning, 0 errors
linking...
Program Size: Code=4152 RO-data=72 RW-data=12 ZI-data=1260  
FromELF: creating hex file...
"ECU_receive.axf" - 0 Error(s), 1 Warning(s).
Build target 'Target 1'
assembling Startup.s...
compiling ECU_receivemain.c...
linking...
Program Size: Code=4152 RO-data=72 RW-data=12 ZI-data=1260  
FromELF: creating hex file...
"ECU_receive.axf" - 0 Error(s), 0 Warning(s).
